#
# There is insufficient memory for the Java Runtime Environment to continue.
# Native memory allocation (malloc) failed to allocate 638336 bytes. Error detail: Chunk::new
# Possible reasons:
#   The system is out of physical RAM or swap space
#   This process is running with CompressedOops enabled, and the Java Heap may be blocking the growth of the native heap
# Possible solutions:
#   Reduce memory load on the system
#   Increase physical memory or swap space
#   Check if swap backing store is full
#   Decrease Java heap size (-Xmx/-Xms)
#   Decrease number of Java threads
#   Decrease Java thread stack sizes (-Xss)
#   Set larger code cache with -XX:ReservedCodeCacheSize=
#   JVM is running with Zero Based Compressed Oops mode in which the Java heap is
#     placed in the first 32GB address space. The Java Heap base address is the
#     maximum limit for the native heap growth. Please use -XX:HeapBaseMinAddress
#     to set the Java Heap base and to place the Java Heap above 32GB virtual address.
# This output file may be truncated or incomplete.
#
#  Out of Memory Error (arena.cpp:191), pid=46240, tid=24316
#
# JRE version: OpenJDK Runtime Environment Corretto-17.0.12.7.1 (17.0.12+7) (build 17.0.12+7-LTS)
# Java VM: OpenJDK 64-Bit Server VM Corretto-17.0.12.7.1 (17.0.12+7-LTS, mixed mode, sharing, tiered, compressed oops, compressed class ptrs, g1 gc, windows-amd64)
# No core dump will be written. Minidumps are not enabled by default on client versions of Windows
#

---------------  S U M M A R Y ------------

Command Line: -Dfile.encoding=IBM437 -Dmaven.multiModuleProjectDirectory=D:\mine\kim-online-course-api org.apache.maven.wrapper.MavenWrapperMain -Didea.version=2025.3.4 -Dmaven.ext.class.path=D:\JetBrain_ToolBox\IntelliJ IDEA\plugins\maven\lib\maven-event-listener.jar -Djansi.passthrough=true -Dstyle.color=always -Dmaven.repo.local=D:\.m2 clean compile package install -f pom.xml

Host: 12th Gen Intel(R) Core(TM) i7-12700, 20 cores, 31G,  Windows 11 , 64 bit Build 26100 (10.0.26100.7920)
Time: Tue Mar 31 17:26:30 2026 SE Asia Standard Time elapsed time: 24.933520 seconds (0d 0h 0m 24s)

---------------  T H R E A D  ---------------

Current thread (0x0000020a96121b80):  JavaThread "C2 CompilerThread1" daemon [_thread_in_native, id=24316, stack(0x000000144a600000,0x000000144a700000)]


Current CompileTask:
C2:  24933 13635       4       com.sun.tools.javac.jvm.ClassReader::readClass (670 bytes)

Stack: [0x000000144a600000,0x000000144a700000]
Native frames: (J=compiled Java code, j=interpreted, Vv=VM code, C=native code)
V  [jvm.dll+0x67f4f9]
V  [jvm.dll+0x836eaa]
V  [jvm.dll+0x83896e]
V  [jvm.dll+0x838fd3]
V  [jvm.dll+0x247f6f]
V  [jvm.dll+0xac9d4]
V  [jvm.dll+0xad01c]
V  [jvm.dll+0x2af56f]
V  [jvm.dll+0x5864f7]
V  [jvm.dll+0x222e12]
V  [jvm.dll+0x21bd0d]
V  [jvm.dll+0x219831]
V  [jvm.dll+0x1a57bd]
V  [jvm.dll+0x22966d]
V  [jvm.dll+0x22781c]
V  [jvm.dll+0x7ebec7]
V  [jvm.dll+0x7e62ac]
V  [jvm.dll+0x67e3c7]
C  [ucrtbase.dll+0x37b0]
C  [KERNEL32.DLL+0x2e8d7]
C  [ntdll.dll+0x8c48c]


---------------  P R O C E S S  ---------------

Threads class SMR info:
_java_thread_list=0x0000020a9a7b3470, length=17, elements={
0x0000020a1f075bc0, 0x0000020a49660a40, 0x0000020a49662080, 0x0000020a4967e0d0,
0x0000020a496819c0, 0x0000020a49682e00, 0x0000020a49684240, 0x0000020a496859b0,
0x0000020a49688ef0, 0x0000020a4968c910, 0x0000020a4c841350, 0x0000020a4c846ad0,
0x0000020a9611f100, 0x0000020a9611f650, 0x0000020a96120640, 0x0000020a96121b80,
0x0000020a9611e660
}

Java Threads: ( => current thread )
  0x0000020a1f075bc0 JavaThread "main" [_thread_in_vm, id=38896, stack(0x0000001449200000,0x0000001449300000)]
  0x0000020a49660a40 JavaThread "Reference Handler" daemon [_thread_blocked, id=3684, stack(0x0000001449900000,0x0000001449a00000)]
  0x0000020a49662080 JavaThread "Finalizer" daemon [_thread_blocked, id=20264, stack(0x0000001449a00000,0x0000001449b00000)]
  0x0000020a4967e0d0 JavaThread "Signal Dispatcher" daemon [_thread_blocked, id=26092, stack(0x0000001449b00000,0x0000001449c00000)]
  0x0000020a496819c0 JavaThread "Attach Listener" daemon [_thread_blocked, id=56688, stack(0x0000001449c00000,0x0000001449d00000)]
  0x0000020a49682e00 JavaThread "Service Thread" daemon [_thread_blocked, id=53112, stack(0x0000001449d00000,0x0000001449e00000)]
  0x0000020a49684240 JavaThread "Monitor Deflation Thread" daemon [_thread_blocked, id=38000, stack(0x0000001449e00000,0x0000001449f00000)]
  0x0000020a496859b0 JavaThread "C2 CompilerThread0" daemon [_thread_blocked, id=20456, stack(0x0000001449f00000,0x000000144a000000)]
  0x0000020a49688ef0 JavaThread "C1 CompilerThread0" daemon [_thread_blocked, id=51548, stack(0x000000144a000000,0x000000144a100000)]
  0x0000020a4968c910 JavaThread "Sweeper thread" daemon [_thread_blocked, id=3996, stack(0x000000144a100000,0x000000144a200000)]
  0x0000020a4c841350 JavaThread "Notification Thread" daemon [_thread_blocked, id=9692, stack(0x000000144a300000,0x000000144a400000)]
  0x0000020a4c846ad0 JavaThread "Common-Cleaner" daemon [_thread_blocked, id=54656, stack(0x000000144a500000,0x000000144a600000)]
  0x0000020a9611f100 JavaThread "C1 CompilerThread1" daemon [_thread_blocked, id=24496, stack(0x000000144a200000,0x000000144a300000)]
  0x0000020a9611f650 JavaThread "C1 CompilerThread2" daemon [_thread_blocked, id=52264, stack(0x000000144ce00000,0x000000144cf00000)]
  0x0000020a96120640 JavaThread "C1 CompilerThread3" daemon [_thread_blocked, id=13864, stack(0x000000144cf00000,0x000000144d000000)]
=>0x0000020a96121b80 JavaThread "C2 CompilerThread1" daemon [_thread_in_native, id=24316, stack(0x000000144a600000,0x000000144a700000)]
  0x0000020a9611e660 Thread [stack: 0x000000144a700000,0x000000144a800000] [id=56456]

Other Threads:
  0x0000020a4965b970 VMThread "VM Thread" [stack: 0x0000001449800000,0x0000001449900000] [id=24436]
  0x0000020a4c843c50 WatcherThread [stack: 0x000000144a400000,0x000000144a500000] [id=41392]
  0x0000020a1f127a30 GCTaskThread "GC Thread#0" [stack: 0x0000001449300000,0x0000001449400000] [id=43132]
  0x0000020a932aff30 GCTaskThread "GC Thread#1" [stack: 0x000000144af00000,0x000000144b000000] [id=53516]
  0x0000020a92959190 GCTaskThread "GC Thread#2" [stack: 0x000000144b000000,0x000000144b100000] [id=40092]
  0x0000020a92dde850 GCTaskThread "GC Thread#3" [stack: 0x000000144b100000,0x000000144b200000] [id=20468]
  0x0000020a92d82880 GCTaskThread "GC Thread#4" [stack: 0x000000144b200000,0x000000144b300000] [id=33180]
  0x0000020a928aeb00 GCTaskThread "GC Thread#5" [stack: 0x000000144b300000,0x000000144b400000] [id=36704]
  0x0000020a928aedc0 GCTaskThread "GC Thread#6" [stack: 0x000000144b400000,0x000000144b500000] [id=53252]
  0x0000020a92cd9b50 GCTaskThread "GC Thread#7" [stack: 0x000000144b500000,0x000000144b600000] [id=29972]
  0x0000020a92dd3500 GCTaskThread "GC Thread#8" [stack: 0x000000144b600000,0x000000144b700000] [id=3192]
  0x0000020a92dd37c0 GCTaskThread "GC Thread#9" [stack: 0x000000144b700000,0x000000144b800000] [id=55152]
  0x0000020a927bd850 GCTaskThread "GC Thread#10" [stack: 0x000000144b800000,0x000000144b900000] [id=36980]
  0x0000020a927bdf20 GCTaskThread "GC Thread#11" [stack: 0x000000144b900000,0x000000144ba00000] [id=52592]
  0x0000020a93cb1a20 GCTaskThread "GC Thread#12" [stack: 0x000000144ae00000,0x000000144af00000] [id=31076]
  0x0000020a93fd8b20 GCTaskThread "GC Thread#13" [stack: 0x000000144ba00000,0x000000144bb00000] [id=45908]
  0x0000020a93fd9e60 GCTaskThread "GC Thread#14" [stack: 0x000000144bb00000,0x000000144bc00000] [id=28444]
  0x0000020a4949bed0 ConcurrentGCThread "G1 Main Marker" [stack: 0x0000001449400000,0x0000001449500000] [id=41812]
  0x0000020a4949c960 ConcurrentGCThread "G1 Conc#0" [stack: 0x0000001449500000,0x0000001449600000] [id=528]
  0x0000020a93fda120 ConcurrentGCThread "G1 Conc#1" [stack: 0x000000144ad00000,0x000000144ae00000] [id=47680]
  0x0000020a93fd8de0 ConcurrentGCThread "G1 Conc#2" [stack: 0x000000144bc00000,0x000000144bd00000] [id=508]
  0x0000020a93fd9360 ConcurrentGCThread "G1 Conc#3" [stack: 0x000000144bd00000,0x000000144be00000] [id=24860]
  0x0000020a49591c30 ConcurrentGCThread "G1 Refine#0" [stack: 0x0000001449600000,0x0000001449700000] [id=34632]
  0x0000020a9b150060 ConcurrentGCThread "G1 Refine#1" [stack: 0x000000144aa00000,0x000000144ab00000] [id=44628]
  0x0000020a9b150f10 ConcurrentGCThread "G1 Refine#2" [stack: 0x000000144bf00000,0x000000144c000000] [id=30152]
  0x0000020a96735eb0 ConcurrentGCThread "G1 Refine#3" [stack: 0x000000144c000000,0x000000144c100000] [id=21224]
  0x0000020a96735bc0 ConcurrentGCThread "G1 Refine#4" [stack: 0x000000144a800000,0x000000144a900000] [id=7912]
  0x0000020a49593580 ConcurrentGCThread "G1 Service" [stack: 0x0000001449700000,0x0000001449800000] [id=38080]

Threads with active compile tasks:
C1 CompilerThread2    24960 13644       3       com.sun.tools.javac.main.JavaCompiler::keepComments (20 bytes)
C1 CompilerThread3    24960 13641       3       com.sun.tools.javac.file.BaseFileManager$ContentCacheEntry::<init> (27 bytes)
C2 CompilerThread1    24960 13635       4       com.sun.tools.javac.jvm.ClassReader::readClass (670 bytes)

VM state: not at safepoint (normal execution)

VM Mutex/Monitor currently owned by a thread: None

Heap address: 0x0000000604c00000, size: 8116 MB, Compressed Oops mode: Zero based, Oop shift amount: 3

CDS archive(s) mapped at: [0x0000020a4d000000-0x0000020a4dbb0000-0x0000020a4dbb0000), size 12255232, SharedBaseAddress: 0x0000020a4d000000, ArchiveRelocationMode: 1.
Compressed class space mapped at: 0x0000020a4e000000-0x0000020a8e000000, reserved size: 1073741824
Narrow klass base: 0x0000020a4d000000, Narrow klass shift: 0, Narrow klass range: 0x100000000

GC Precious Log:
 CPUs: 20 total, 20 available
 Memory: 32456M
 Large Page Support: Disabled
 NUMA Support: Disabled
 Compressed Oops: Enabled (Zero based)
 Heap Region Size: 4M
 Heap Min Capacity: 8M
 Heap Initial Capacity: 508M
 Heap Max Capacity: 8116M
 Pre-touch: Disabled
 Parallel Workers: 15
 Concurrent Workers: 4
 Concurrent Refinement Workers: 15
 Periodic GC: Disabled

Heap:
 garbage-first heap   total 225280K, used 95560K [0x0000000604c00000, 0x0000000800000000)
  region size 4096K, 4 young (16384K), 1 survivors (4096K)
 Metaspace       used 39186K, committed 40960K, reserved 1114112K
  class space    used 4253K, committed 4736K, reserved 1048576K

Heap Regions: E=young(eden), S=young(survivor), O=old, HS=humongous(starts), HC=humongous(continues), CS=collection set, F=free, OA=open archive, CA=closed archive, TAMS=top-at-mark-start (previous, next)
|   0|0x0000000604c00000, 0x0000000604f92800, 0x0000000605000000| 89%| O|  |TAMS 0x0000000604f92800, 0x0000000604c00000| Untracked 
|   1|0x0000000605000000, 0x0000000605400000, 0x0000000605400000|100%| O|  |TAMS 0x0000000605400000, 0x0000000605000000| Untracked 
|   2|0x0000000605400000, 0x0000000605800000, 0x0000000605800000|100%| O|  |TAMS 0x0000000605400000, 0x0000000605400000| Untracked 
|   3|0x0000000605800000, 0x0000000605888600, 0x0000000605c00000| 13%| O|  |TAMS 0x0000000605800000, 0x0000000605800000| Untracked 
|   4|0x0000000605c00000, 0x0000000606000000, 0x0000000606000000|100%| O|  |TAMS 0x0000000605c00000, 0x0000000605c00000| Untracked 
|   5|0x0000000606000000, 0x0000000606400000, 0x0000000606400000|100%| O|  |TAMS 0x0000000606199e00, 0x0000000606000000| Untracked 
|   6|0x0000000606400000, 0x0000000606800000, 0x0000000606800000|100%| O|  |TAMS 0x0000000606800000, 0x0000000606400000| Untracked 
|   7|0x0000000606800000, 0x0000000606c00000, 0x0000000606c00000|100%| O|  |TAMS 0x0000000606800000, 0x0000000606800000| Untracked 
|   8|0x0000000606c00000, 0x0000000607000000, 0x0000000607000000|100%| O|  |TAMS 0x0000000607000000, 0x0000000606c00000| Untracked 
|   9|0x0000000607000000, 0x0000000607400000, 0x0000000607400000|100%| O|  |TAMS 0x0000000607000000, 0x0000000607000000| Untracked 
|  10|0x0000000607400000, 0x0000000607800000, 0x0000000607800000|100%| O|  |TAMS 0x0000000607400000, 0x0000000607400000| Untracked 
|  11|0x0000000607800000, 0x0000000607c00000, 0x0000000607c00000|100%| O|  |TAMS 0x0000000607c00000, 0x0000000607800000| Untracked 
|  12|0x0000000607c00000, 0x0000000608000000, 0x0000000608000000|100%| O|  |TAMS 0x0000000608000000, 0x0000000607c00000| Untracked 
|  13|0x0000000608000000, 0x0000000608400000, 0x0000000608400000|100%| O|  |TAMS 0x0000000608000000, 0x0000000608000000| Untracked 
|  14|0x0000000608400000, 0x0000000608400000, 0x0000000608800000|  0%| F|  |TAMS 0x0000000608400000, 0x0000000608400000| Untracked 
|  15|0x0000000608800000, 0x0000000608800000, 0x0000000608c00000|  0%| F|  |TAMS 0x0000000608800000, 0x0000000608800000| Untracked 
|  16|0x0000000608c00000, 0x0000000608c00000, 0x0000000609000000|  0%| F|  |TAMS 0x0000000608c00000, 0x0000000608c00000| Untracked 
|  17|0x0000000609000000, 0x0000000609000000, 0x0000000609400000|  0%| F|  |TAMS 0x0000000609000000, 0x0000000609000000| Untracked 
|  18|0x0000000609400000, 0x0000000609400000, 0x0000000609800000|  0%| F|  |TAMS 0x0000000609400000, 0x0000000609400000| Untracked 
|  19|0x0000000609800000, 0x0000000609800000, 0x0000000609c00000|  0%| F|  |TAMS 0x0000000609800000, 0x0000000609800000| Untracked 
|  20|0x0000000609c00000, 0x0000000609c00000, 0x000000060a000000|  0%| F|  |TAMS 0x0000000609c00000, 0x0000000609c00000| Untracked 
|  21|0x000000060a000000, 0x000000060a400000, 0x000000060a400000|100%| O|  |TAMS 0x000000060a000000, 0x000000060a000000| Untracked 
|  22|0x000000060a400000, 0x000000060a800000, 0x000000060a800000|100%| O|  |TAMS 0x000000060a400000, 0x000000060a400000| Untracked 
|  23|0x000000060a800000, 0x000000060ac00000, 0x000000060ac00000|100%| O|  |TAMS 0x000000060a800000, 0x000000060a800000| Untracked 
|  24|0x000000060ac00000, 0x000000060b000000, 0x000000060b000000|100%| O|  |TAMS 0x000000060b000000, 0x000000060ac00000| Untracked 
|  25|0x000000060b000000, 0x000000060b400000, 0x000000060b400000|100%| O|  |TAMS 0x000000060b400000, 0x000000060b000000| Untracked 
|  26|0x000000060b400000, 0x000000060b800000, 0x000000060b800000|100%| O|  |TAMS 0x000000060b400000, 0x000000060b400000| Untracked 
|  27|0x000000060b800000, 0x000000060b800000, 0x000000060bc00000|  0%| F|  |TAMS 0x000000060b800000, 0x000000060b800000| Untracked 
|  28|0x000000060bc00000, 0x000000060bc00000, 0x000000060c000000|  0%| F|  |TAMS 0x000000060bc00000, 0x000000060bc00000| Untracked 
|  29|0x000000060c000000, 0x000000060c000000, 0x000000060c400000|  0%| F|  |TAMS 0x000000060c000000, 0x000000060c000000| Untracked 
|  30|0x000000060c400000, 0x000000060c400000, 0x000000060c800000|  0%| F|  |TAMS 0x000000060c400000, 0x000000060c400000| Untracked 
|  31|0x000000060c800000, 0x000000060c800000, 0x000000060cc00000|  0%| F|  |TAMS 0x000000060c800000, 0x000000060c800000| Untracked 
|  32|0x000000060cc00000, 0x000000060cc00000, 0x000000060d000000|  0%| F|  |TAMS 0x000000060cc00000, 0x000000060cc00000| Untracked 
|  33|0x000000060d000000, 0x000000060d000000, 0x000000060d400000|  0%| F|  |TAMS 0x000000060d000000, 0x000000060d000000| Untracked 
|  34|0x000000060d400000, 0x000000060d400000, 0x000000060d800000|  0%| F|  |TAMS 0x000000060d400000, 0x000000060d400000| Untracked 
|  35|0x000000060d800000, 0x000000060d800000, 0x000000060dc00000|  0%| F|  |TAMS 0x000000060d800000, 0x000000060d800000| Untracked 
|  36|0x000000060dc00000, 0x000000060dc00000, 0x000000060e000000|  0%| F|  |TAMS 0x000000060dc00000, 0x000000060dc00000| Untracked 
|  37|0x000000060e000000, 0x000000060e000000, 0x000000060e400000|  0%| F|  |TAMS 0x000000060e000000, 0x000000060e000000| Untracked 
|  38|0x000000060e400000, 0x000000060e400000, 0x000000060e800000|  0%| F|  |TAMS 0x000000060e400000, 0x000000060e400000| Untracked 
|  39|0x000000060e800000, 0x000000060e800000, 0x000000060ec00000|  0%| F|  |TAMS 0x000000060e800000, 0x000000060e800000| Untracked 
|  40|0x000000060ec00000, 0x000000060ec00000, 0x000000060f000000|  0%| F|  |TAMS 0x000000060ec00000, 0x000000060ec00000| Untracked 
|  41|0x000000060f000000, 0x000000060f000000, 0x000000060f400000|  0%| F|  |TAMS 0x000000060f000000, 0x000000060f000000| Untracked 
|  42|0x000000060f400000, 0x000000060f400000, 0x000000060f800000|  0%| F|  |TAMS 0x000000060f400000, 0x000000060f400000| Untracked 
|  43|0x000000060f800000, 0x000000060f800000, 0x000000060fc00000|  0%| F|  |TAMS 0x000000060f800000, 0x000000060f800000| Untracked 
|  44|0x000000060fc00000, 0x000000060fc00000, 0x0000000610000000|  0%| F|  |TAMS 0x000000060fc00000, 0x000000060fc00000| Untracked 
|  45|0x0000000610000000, 0x0000000610000000, 0x0000000610400000|  0%| F|  |TAMS 0x0000000610000000, 0x0000000610000000| Untracked 
|  86|0x000000061a400000, 0x000000061a400000, 0x000000061a800000|  0%| F|  |TAMS 0x000000061a400000, 0x000000061a400000| Untracked 
|  87|0x000000061a800000, 0x000000061a800000, 0x000000061ac00000|  0%| F|  |TAMS 0x000000061a800000, 0x000000061a800000| Untracked 
|  88|0x000000061ac00000, 0x000000061ad66e00, 0x000000061b000000| 35%| E|  |TAMS 0x000000061ac00000, 0x000000061ac00000| Complete 
|  89|0x000000061b000000, 0x000000061b400000, 0x000000061b400000|100%| E|CS|TAMS 0x000000061b000000, 0x000000061b000000| Complete 
|  90|0x000000061b400000, 0x000000061b537300, 0x000000061b800000| 30%| S|CS|TAMS 0x000000061b400000, 0x000000061b400000| Complete 
|  91|0x000000061b800000, 0x000000061bc00000, 0x000000061bc00000|100%| E|CS|TAMS 0x000000061b800000, 0x000000061b800000| Complete 
| 126|0x0000000624400000, 0x0000000624800000, 0x0000000624800000|100%| E|CS|TAMS 0x0000000624400000, 0x0000000624400000| Complete 
|2027|0x00000007ff800000, 0x00000007ffc00000, 0x00000007ffc00000|100%| O|  |TAMS 0x00000007ff800000, 0x00000007ff800000| Untracked 
|2028|0x00000007ffc00000, 0x0000000800000000, 0x0000000800000000|100%| O|  |TAMS 0x00000007ffc00000, 0x00000007ffc00000| Untracked 

Card table byte_map: [0x0000020a37620000,0x0000020a38600000] _byte_map_base: 0x0000020a345fa000

Marking Bits (Prev, Next): (CMBitMap*) 0x0000020a1f127f60, (CMBitMap*) 0x0000020a1f127fa0
 Prev Bits: [0x0000020a395e0000, 0x0000020a414b0000)
 Next Bits: [0x0000020a414b0000, 0x0000020a49380000)

Polling page: 0x0000020a1d1f0000

Metaspace:

Usage:
  Non-class:     34.12 MB used.
      Class:      4.15 MB used.
       Both:     38.27 MB used.

Virtual space:
  Non-class space:       64.00 MB reserved,      35.38 MB ( 55%) committed,  1 nodes.
      Class space:        1.00 GB reserved,       4.62 MB ( <1%) committed,  1 nodes.
             Both:        1.06 GB reserved,      40.00 MB (  4%) committed. 

Chunk freelists:
   Non-Class:  13.44 MB
       Class:  11.56 MB
        Both:  24.99 MB

MaxMetaspaceSize: unlimited
CompressedClassSpaceSize: 1.00 GB
Initial GC threshold: 21.00 MB
Current GC threshold: 66.56 MB
CDS: on
MetaspaceReclaimPolicy: balanced
 - commit_granule_bytes: 65536.
 - commit_granule_words: 8192.
 - virtual_space_node_default_size: 8388608.
 - enlarge_chunks_in_place: 1.
 - new_chunks_are_fully_committed: 0.
 - uncommit_free_chunks: 1.
 - use_allocation_guard: 0.
 - handle_deallocations: 1.


Internal statistics:

num_allocs_failed_limit: 3.
num_arena_births: 390.
num_arena_deaths: 16.
num_vsnodes_births: 2.
num_vsnodes_deaths: 0.
num_space_committed: 657.
num_space_uncommitted: 17.
num_chunks_returned_to_freelist: 156.
num_chunks_taken_from_freelist: 1997.
num_chunk_merges: 27.
num_chunk_splits: 1369.
num_chunks_enlarged: 1038.
num_inconsistent_stats: 0.

CodeHeap 'non-profiled nmethods': size=119168Kb used=9756Kb max_used=10907Kb free=109411Kb
 bounds [0x0000020a2e740000, 0x0000020a2f1f0000, 0x0000020a35ba0000]
CodeHeap 'profiled nmethods': size=119104Kb used=22919Kb max_used=24997Kb free=96184Kb
 bounds [0x0000020a26ba0000, 0x0000020a28420000, 0x0000020a2dff0000]
CodeHeap 'non-nmethods': size=7488Kb used=2937Kb max_used=3016Kb free=4550Kb
 bounds [0x0000020a2dff0000, 0x0000020a2e300000, 0x0000020a2e740000]
 total_blobs=10826 nmethods=10266 adapters=469
 compilation: enabled
              stopped_count=0, restarted_count=0
 full_count=0

Compilation events (20 events):
Event: 24.807 Thread 0x0000020a496859b0 13626       4       java.util.Collections$EmptySet::iterator (4 bytes)
Event: 24.808 Thread 0x0000020a496859b0 nmethod 13626 0x0000020a2e8d2c90 code [0x0000020a2e8d2e00, 0x0000020a2e8d2e78]
Event: 24.809 Thread 0x0000020a496859b0 13627       4       java.util.Spliterators$1Adapter::next (39 bytes)
Event: 24.810 Thread 0x0000020a496859b0 nmethod 13627 0x0000020a2ec6c410 code [0x0000020a2ec6c580, 0x0000020a2ec6c678]
Event: 24.810 Thread 0x0000020a496859b0 13628       4       jdk.internal.jrtfs.JrtFileSystem$$Lambda$316/0x0000020a4e1e4eb8::apply (16 bytes)
Event: 24.822 Thread 0x0000020a96121b80 13629       4       jdk.internal.jrtfs.JrtFileSystem::lambda$iteratorOf$2 (20 bytes)
Event: 24.822 Thread 0x0000020a9611e660 13630       4       jdk.internal.jrtfs.JrtFileSystem$$Lambda$317/0x0000020a4e1e50f8::test (12 bytes)
Event: 24.825 Thread 0x0000020a9611e660 nmethod 13630 0x0000020a2ec43610 code [0x0000020a2ec437a0, 0x0000020a2ec43878]
Event: 24.825 Thread 0x0000020a9611e660 13631       4       java.util.stream.StreamSpliterators$WrappingSpliterator$$Lambda$319/0x0000020a4e1e5ee8::accept (9 bytes)
Event: 24.830 Thread 0x0000020a9611e660 nmethod 13631 0x0000020a2ec2c210 code [0x0000020a2ec2c3c0, 0x0000020a2ec2c7f8]
Event: 24.830 Thread 0x0000020a9611e660 13632       4       jdk.internal.jrtfs.JrtDirectoryStream$1::next (5 bytes)
Event: 24.832 Thread 0x0000020a9611e660 nmethod 13632 0x0000020a2e97a410 code [0x0000020a2e97a5a0, 0x0000020a2e97a8f8]
Event: 24.832 Thread 0x0000020a9611e660 13633   !   4       jdk.internal.jrtfs.JrtDirectoryStream$1::next (48 bytes)
Event: 24.833 Thread 0x0000020a9611e660 nmethod 13633 0x0000020a2e979b90 code [0x0000020a2e979d20, 0x0000020a2e97a078]
Event: 24.857 Thread 0x0000020a9611e660 13634       4       com.sun.tools.javac.util.Name::map (19 bytes)
Event: 24.858 Thread 0x0000020a496859b0 nmethod 13628 0x0000020a2e9f7910 code [0x0000020a2e9f7b00, 0x0000020a2e9f8fb8]
Event: 24.859 Thread 0x0000020a9611e660 nmethod 13634 0x0000020a2ec2be90 code [0x0000020a2ec2c000, 0x0000020a2ec2c0b8]
Event: 24.859 Thread 0x0000020a96121b80 nmethod 13629 0x0000020a2eb48790 code [0x0000020a2eb48980, 0x0000020a2eb49e38]
Event: 24.895 Thread 0x0000020a96121b80 13635       4       com.sun.tools.javac.jvm.ClassReader::readClass (670 bytes)
Event: 24.929 Thread 0x0000020a96120640 13636       3       com.sun.tools.javac.jvm.ClassReader::readInnerClasses (233 bytes)

GC Heap History (20 events):
Event: 18.588 GC heap before
{Heap before GC invocations=25 (full 0):
 garbage-first heap   total 180224K, used 93227K [0x0000000604c00000, 0x0000000800000000)
  region size 4096K, 3 young (12288K), 2 survivors (8192K)
 Metaspace       used 36042K, committed 36480K, reserved 1114112K
  class space    used 3911K, committed 4160K, reserved 1048576K
}
Event: 18.602 GC heap after
{Heap after GC invocations=26 (full 0):
 garbage-first heap   total 217088K, used 76975K [0x0000000604c00000, 0x0000000800000000)
  region size 4096K, 1 young (4096K), 1 survivors (4096K)
 Metaspace       used 36042K, committed 36480K, reserved 1114112K
  class space    used 3911K, committed 4160K, reserved 1048576K
}
Event: 18.653 GC heap before
{Heap before GC invocations=26 (full 0):
 garbage-first heap   total 217088K, used 81071K [0x0000000604c00000, 0x0000000800000000)
  region size 4096K, 2 young (8192K), 1 survivors (4096K)
 Metaspace       used 36098K, committed 36544K, reserved 1114112K
  class space    used 3912K, committed 4160K, reserved 1048576K
}
Event: 18.664 GC heap after
{Heap after GC invocations=27 (full 0):
 garbage-first heap   total 217088K, used 73118K [0x0000000604c00000, 0x0000000800000000)
  region size 4096K, 1 young (4096K), 1 survivors (4096K)
 Metaspace       used 36098K, committed 36544K, reserved 1114112K
  class space    used 3912K, committed 4160K, reserved 1048576K
}
Event: 19.318 GC heap before
{Heap before GC invocations=27 (full 0):
 garbage-first heap   total 217088K, used 163230K [0x0000000604c00000, 0x0000000800000000)
  region size 4096K, 23 young (94208K), 1 survivors (4096K)
 Metaspace       used 36117K, committed 36544K, reserved 1114112K
  class space    used 3912K, committed 4160K, reserved 1048576K
}
Event: 19.322 GC heap after
{Heap after GC invocations=28 (full 0):
 garbage-first heap   total 217088K, used 74394K [0x0000000604c00000, 0x0000000800000000)
  region size 4096K, 1 young (4096K), 1 survivors (4096K)
 Metaspace       used 36117K, committed 36544K, reserved 1114112K
  class space    used 3912K, committed 4160K, reserved 1048576K
}
Event: 19.902 GC heap before
{Heap before GC invocations=28 (full 0):
 garbage-first heap   total 217088K, used 164506K [0x0000000604c00000, 0x0000000800000000)
  region size 4096K, 23 young (94208K), 1 survivors (4096K)
 Metaspace       used 36211K, committed 36672K, reserved 1114112K
  class space    used 3921K, committed 4160K, reserved 1048576K
}
Event: 19.907 GC heap after
{Heap after GC invocations=29 (full 0):
 garbage-first heap   total 217088K, used 75151K [0x0000000604c00000, 0x0000000800000000)
  region size 4096K, 2 young (8192K), 2 survivors (8192K)
 Metaspace       used 36211K, committed 36672K, reserved 1114112K
  class space    used 3921K, committed 4160K, reserved 1048576K
}
Event: 21.575 GC heap before
{Heap before GC invocations=29 (full 0):
 garbage-first heap   total 217088K, used 165263K [0x0000000604c00000, 0x0000000800000000)
  region size 4096K, 24 young (98304K), 2 survivors (8192K)
 Metaspace       used 37693K, committed 38208K, reserved 1114112K
  class space    used 4028K, committed 4288K, reserved 1048576K
}
Event: 21.584 GC heap after
{Heap after GC invocations=30 (full 0):
 garbage-first heap   total 217088K, used 78914K [0x0000000604c00000, 0x0000000800000000)
  region size 4096K, 2 young (8192K), 2 survivors (8192K)
 Metaspace       used 37693K, committed 38208K, reserved 1114112K
  class space    used 4028K, committed 4288K, reserved 1048576K
}
Event: 23.074 GC heap before
{Heap before GC invocations=30 (full 0):
 garbage-first heap   total 217088K, used 173122K [0x0000000604c00000, 0x0000000800000000)
  region size 4096K, 25 young (102400K), 2 survivors (8192K)
 Metaspace       used 41308K, committed 41792K, reserved 1114112K
  class space    used 4491K, committed 4736K, reserved 1048576K
}
Event: 23.082 GC heap after
{Heap after GC invocations=31 (full 0):
 garbage-first heap   total 217088K, used 82982K [0x0000000604c00000, 0x0000000800000000)
  region size 4096K, 3 young (12288K), 3 survivors (12288K)
 Metaspace       used 41308K, committed 41792K, reserved 1114112K
  class space    used 4491K, committed 4736K, reserved 1048576K
}
Event: 23.351 GC heap before
{Heap before GC invocations=31 (full 0):
 garbage-first heap   total 217088K, used 115750K [0x0000000604c00000, 0x0000000800000000)
  region size 4096K, 8 young (32768K), 3 survivors (12288K)
 Metaspace       used 41403K, committed 41984K, reserved 1114112K
  class space    used 4502K, committed 4800K, reserved 1048576K
}
Event: 23.360 GC heap after
{Heap after GC invocations=32 (full 0):
 garbage-first heap   total 217088K, used 103490K [0x0000000604c00000, 0x0000000800000000)
  region size 4096K, 2 young (8192K), 2 survivors (8192K)
 Metaspace       used 41403K, committed 41984K, reserved 1114112K
  class space    used 4502K, committed 4800K, reserved 1048576K
}
Event: 24.747 GC heap before
{Heap before GC invocations=33 (full 0):
 garbage-first heap   total 217088K, used 185410K [0x0000000604c00000, 0x0000000800000000)
  region size 4096K, 20 young (81920K), 2 survivors (8192K)
 Metaspace       used 39180K, committed 40960K, reserved 1114112K
  class space    used 4253K, committed 4736K, reserved 1048576K
}
Event: 24.759 GC heap after
{Heap after GC invocations=34 (full 0):
 garbage-first heap   total 225280K, used 107736K [0x0000000604c00000, 0x0000000800000000)
  region size 4096K, 3 young (12288K), 3 survivors (12288K)
 Metaspace       used 39180K, committed 40960K, reserved 1114112K
  class space    used 4253K, committed 4736K, reserved 1048576K
}
Event: 24.811 GC heap before
{Heap before GC invocations=34 (full 0):
 garbage-first heap   total 225280K, used 111832K [0x0000000604c00000, 0x0000000800000000)
  region size 4096K, 4 young (16384K), 3 survivors (12288K)
 Metaspace       used 39180K, committed 40960K, reserved 1114112K
  class space    used 4253K, committed 4736K, reserved 1048576K
}
Event: 24.822 GC heap after
{Heap after GC invocations=35 (full 0):
 garbage-first heap   total 225280K, used 92143K [0x0000000604c00000, 0x0000000800000000)
  region size 4096K, 1 young (4096K), 1 survivors (4096K)
 Metaspace       used 39180K, committed 40960K, reserved 1114112K
  class space    used 4253K, committed 4736K, reserved 1048576K
}
Event: 24.868 GC heap before
{Heap before GC invocations=35 (full 0):
 garbage-first heap   total 225280K, used 96239K [0x0000000604c00000, 0x0000000800000000)
  region size 4096K, 2 young (8192K), 1 survivors (4096K)
 Metaspace       used 39180K, committed 40960K, reserved 1114112K
  class space    used 4253K, committed 4736K, reserved 1048576K
}
Event: 24.880 GC heap after
{Heap after GC invocations=36 (full 0):
 garbage-first heap   total 225280K, used 87368K [0x0000000604c00000, 0x0000000800000000)
  region size 4096K, 1 young (4096K), 1 survivors (4096K)
 Metaspace       used 39180K, committed 40960K, reserved 1114112K
  class space    used 4253K, committed 4736K, reserved 1048576K
}

Dll operation events (8 events):
Event: 0.005 Loaded shared library C:\Users\AW-Java\.jdks\corretto-17.0.12\bin\java.dll
Event: 0.015 Loaded shared library C:\Users\AW-Java\.jdks\corretto-17.0.12\bin\jsvml.dll
Event: 0.034 Loaded shared library C:\Users\AW-Java\.jdks\corretto-17.0.12\bin\net.dll
Event: 0.035 Loaded shared library C:\Users\AW-Java\.jdks\corretto-17.0.12\bin\nio.dll
Event: 0.037 Loaded shared library C:\Users\AW-Java\.jdks\corretto-17.0.12\bin\zip.dll
Event: 0.040 Loaded shared library C:\Users\AW-Java\.jdks\corretto-17.0.12\bin\jimage.dll
Event: 0.115 Loaded shared library C:\Users\AW-Java\AppData\Local\Temp\jansi-2.4.0-96e0832c3f21daef-jansi.dll
Event: 0.121 Loaded shared library C:\Users\AW-Java\.jdks\corretto-17.0.12\bin\verify.dll

Deoptimization events (20 events):
Event: 23.119 Thread 0x0000020a1f075bc0 DEOPT PACKING pc=0x0000020a28313b6f sp=0x00000014492fc580
Event: 23.119 Thread 0x0000020a1f075bc0 DEOPT UNPACKING pc=0x0000020a2e047143 sp=0x00000014492fbb10 mode 0
Event: 23.184 Thread 0x0000020a1f075bc0 DEOPT PACKING pc=0x0000020a28313b6f sp=0x00000014492fc580
Event: 23.184 Thread 0x0000020a1f075bc0 DEOPT UNPACKING pc=0x0000020a2e047143 sp=0x00000014492fbb10 mode 0
Event: 23.466 Thread 0x0000020a1f075bc0 Uncommon trap: trap_request=0xffffffde fr.pc=0x0000020a2f0ae1d8 relative=0x0000000000000238
Event: 23.466 Thread 0x0000020a1f075bc0 Uncommon trap: reason=class_check action=maybe_recompile pc=0x0000020a2f0ae1d8 method=java.nio.charset.CharsetEncoder.replaceWith([B)Ljava/nio/charset/CharsetEncoder; @ 53 c2
Event: 23.466 Thread 0x0000020a1f075bc0 DEOPT PACKING pc=0x0000020a2f0ae1d8 sp=0x00000014492fc980
Event: 23.466 Thread 0x0000020a1f075bc0 DEOPT UNPACKING pc=0x0000020a2e0469a3 sp=0x00000014492fc940 mode 2
Event: 23.823 Thread 0x0000020a1f075bc0 Uncommon trap: trap_request=0xffffffde fr.pc=0x0000020a2f0ae1d8 relative=0x0000000000000238
Event: 23.823 Thread 0x0000020a1f075bc0 Uncommon trap: reason=class_check action=maybe_recompile pc=0x0000020a2f0ae1d8 method=java.nio.charset.CharsetEncoder.replaceWith([B)Ljava/nio/charset/CharsetEncoder; @ 53 c2
Event: 23.823 Thread 0x0000020a1f075bc0 DEOPT PACKING pc=0x0000020a2f0ae1d8 sp=0x00000014492fc560
Event: 23.823 Thread 0x0000020a1f075bc0 DEOPT UNPACKING pc=0x0000020a2e0469a3 sp=0x00000014492fc520 mode 2
Event: 23.934 Thread 0x0000020a1f075bc0 Uncommon trap: trap_request=0xffffffde fr.pc=0x0000020a2f0ae1d8 relative=0x0000000000000238
Event: 23.934 Thread 0x0000020a1f075bc0 Uncommon trap: reason=class_check action=maybe_recompile pc=0x0000020a2f0ae1d8 method=java.nio.charset.CharsetEncoder.replaceWith([B)Ljava/nio/charset/CharsetEncoder; @ 53 c2
Event: 23.935 Thread 0x0000020a1f075bc0 DEOPT PACKING pc=0x0000020a2f0ae1d8 sp=0x00000014492fc300
Event: 23.935 Thread 0x0000020a1f075bc0 DEOPT UNPACKING pc=0x0000020a2e0469a3 sp=0x00000014492fc2c0 mode 2
Event: 24.122 Thread 0x0000020a1f075bc0 DEOPT PACKING pc=0x0000020a277b3c9c sp=0x00000014492fb900
Event: 24.122 Thread 0x0000020a1f075bc0 DEOPT UNPACKING pc=0x0000020a2e047143 sp=0x00000014492fae40 mode 0
Event: 24.161 Thread 0x0000020a1f075bc0 DEOPT PACKING pc=0x0000020a277b3c9c sp=0x00000014492fb900
Event: 24.161 Thread 0x0000020a1f075bc0 DEOPT UNPACKING pc=0x0000020a2e047143 sp=0x00000014492fae40 mode 0

Classes loaded (20 events):
Event: 22.631 Loading class javax/management/JMException done
Event: 22.631 Loading class javax/management/ReflectionException done
Event: 22.631 Loading class javax/management/MBeanServerConnection
Event: 22.631 Loading class javax/management/MBeanServerConnection done
Event: 22.652 Loading class javax/management/InstanceNotFoundException
Event: 22.652 Loading class javax/management/OperationsException
Event: 22.652 Loading class javax/management/OperationsException done
Event: 22.652 Loading class javax/management/InstanceNotFoundException done
Event: 22.661 Loading class java/util/jar/JarOutputStream
Event: 22.661 Loading class java/util/jar/JarOutputStream done
Event: 22.793 Loading class java/net/HttpURLConnection
Event: 22.793 Loading class java/net/HttpURLConnection done
Event: 22.809 Loading class java/util/jar/JarInputStream
Event: 22.809 Loading class java/util/jar/JarInputStream done
Event: 22.872 Loading class java/io/FileFilter
Event: 22.872 Loading class java/io/FileFilter done
Event: 22.883 Loading class sun/security/util/ManifestEntryVerifier
Event: 22.883 Loading class sun/security/util/ManifestEntryVerifier done
Event: 24.274 Loading class jdk/internal/misc/ScopedMemoryAccess$Scope$Handle
Event: 24.274 Loading class jdk/internal/misc/ScopedMemoryAccess$Scope$Handle done

Classes unloaded (20 events):
Event: 23.385 Thread 0x0000020a4965b970 Unloading class 0x0000020a4e37c8f8 'org/hibernate/jpamodelgen/util/TypeUtils'
Event: 23.385 Thread 0x0000020a4965b970 Unloading class 0x0000020a4e372e00 'jakarta/xml/bind/ValidationEventHandler'
Event: 23.385 Thread 0x0000020a4965b970 Unloading class 0x0000020a4e37c688 'jakarta/xml/bind/JAXBException'
Event: 23.385 Thread 0x0000020a4965b970 Unloading class 0x0000020a4e37c468 'org/hibernate/jpamodelgen/util/xml/XmlParserHelper'
Event: 23.385 Thread 0x0000020a4965b970 Unloading class 0x0000020a4e37c210 'org/hibernate/jpamodelgen/util/xml/XmlParsingException'
Event: 23.385 Thread 0x0000020a4965b970 Unloading class 0x0000020a4e37c000 'org/hibernate/jpamodelgen/xml/JpaDescriptorParser'
Event: 23.385 Thread 0x0000020a4965b970 Unloading class 0x0000020a4e372c00 'org/hibernate/jpamodelgen/util/NullnessUtil'
Event: 23.385 Thread 0x0000020a4965b970 Unloading class 0x0000020a4e373d50 'org/hibernate/jpamodelgen/Version'
Event: 23.385 Thread 0x0000020a4965b970 Unloading class 0x0000020a4e373b48 'org/hibernate/jpamodelgen/Context'
Event: 23.385 Thread 0x0000020a4965b970 Unloading class 0x0000020a4e3738f0 'org/hibernate/jpamodelgen/ProcessLaterException'
Event: 23.385 Thread 0x0000020a4965b970 Unloading class 0x0000020a4e3736f8 'org/hibernate/jpamodelgen/model/Metamodel'
Event: 23.385 Thread 0x0000020a4965b970 Unloading class 0x0000020a4e373500 'org/hibernate/jpamodelgen/model/ImportContext'
Event: 23.385 Thread 0x0000020a4965b970 Unloading class 0x0000020a4e373280 'org/hibernate/jpamodelgen/JPAMetaModelEntityProcessor'
Event: 23.385 Thread 0x0000020a4965b970 Unloading class 0x0000020a4e373000 'lombok/launch/AnnotationProcessorHider$ClaimingProcessor'
Event: 23.385 Thread 0x0000020a4965b970 Unloading class 0x0000020a4e334498 'lombok/launch/AnnotationProcessorHider$AstModificationNotifierData'
Event: 23.385 Thread 0x0000020a4965b970 Unloading class 0x0000020a4e334218 'lombok/launch/ClassFileMetaData'
Event: 23.385 Thread 0x0000020a4965b970 Unloading class 0x0000020a4e334000 'lombok/launch/PackageShader'
Event: 23.385 Thread 0x0000020a4965b970 Unloading class 0x0000020a4e304480 'lombok/launch/ShadowClassLoader'
Event: 23.385 Thread 0x0000020a4965b970 Unloading class 0x0000020a4e304280 'lombok/launch/Main'
Event: 23.385 Thread 0x0000020a4965b970 Unloading class 0x0000020a4e304000 'lombok/launch/AnnotationProcessorHider$AnnotationProcessor'

Classes redefined (0 events):
No events

Internal exceptions (20 events):
Event: 24.925 Thread 0x0000020a1f075bc0 Exception <a 'sun/nio/fs/WindowsException'{0x000000061bab3d50}> (0x000000061bab3d50) 
thrown [s\src\hotspot\share\prims\jni.cpp, line 516]
Event: 24.925 Thread 0x0000020a1f075bc0 Exception <a 'sun/nio/fs/WindowsException'{0x000000061bab4120}> (0x000000061bab4120) 
thrown [s\src\hotspot\share\prims\jni.cpp, line 516]
Event: 24.927 Thread 0x0000020a1f075bc0 Exception <a 'sun/nio/fs/WindowsException'{0x000000061baf9bc0}> (0x000000061baf9bc0) 
thrown [s\src\hotspot\share\prims\jni.cpp, line 516]
Event: 24.927 Thread 0x0000020a1f075bc0 Exception <a 'sun/nio/fs/WindowsException'{0x000000061baf9e48}> (0x000000061baf9e48) 
thrown [s\src\hotspot\share\prims\jni.cpp, line 516]
Event: 24.927 Thread 0x0000020a1f075bc0 Exception <a 'sun/nio/fs/WindowsException'{0x000000061bafc138}> (0x000000061bafc138) 
thrown [s\src\hotspot\share\prims\jni.cpp, line 516]
Event: 24.927 Thread 0x0000020a1f075bc0 Exception <a 'sun/nio/fs/WindowsException'{0x000000061bafc370}> (0x000000061bafc370) 
thrown [s\src\hotspot\share\prims\jni.cpp, line 516]
Event: 24.928 Thread 0x0000020a1f075bc0 Exception <a 'sun/nio/fs/WindowsException'{0x000000061bafd890}> (0x000000061bafd890) 
thrown [s\src\hotspot\share\prims\jni.cpp, line 516]
Event: 24.928 Thread 0x0000020a1f075bc0 Exception <a 'sun/nio/fs/WindowsException'{0x000000061bafdb10}> (0x000000061bafdb10) 
thrown [s\src\hotspot\share\prims\jni.cpp, line 516]
Event: 24.928 Thread 0x0000020a1f075bc0 Exception <a 'sun/nio/fs/WindowsException'{0x000000061bafef30}> (0x000000061bafef30) 
thrown [s\src\hotspot\share\prims\jni.cpp, line 516]
Event: 24.928 Thread 0x0000020a1f075bc0 Exception <a 'sun/nio/fs/WindowsException'{0x000000061baff230}> (0x000000061baff230) 
thrown [s\src\hotspot\share\prims\jni.cpp, line 516]
Event: 24.928 Thread 0x0000020a1f075bc0 Exception <a 'sun/nio/fs/WindowsException'{0x000000061bb00f98}> (0x000000061bb00f98) 
thrown [s\src\hotspot\share\prims\jni.cpp, line 516]
Event: 24.928 Thread 0x0000020a1f075bc0 Exception <a 'sun/nio/fs/WindowsException'{0x000000061bb01238}> (0x000000061bb01238) 
thrown [s\src\hotspot\share\prims\jni.cpp, line 516]
Event: 24.928 Thread 0x0000020a1f075bc0 Exception <a 'sun/nio/fs/WindowsException'{0x000000061bb04c58}> (0x000000061bb04c58) 
thrown [s\src\hotspot\share\prims\jni.cpp, line 516]
Event: 24.928 Thread 0x0000020a1f075bc0 Exception <a 'sun/nio/fs/WindowsException'{0x000000061bb04eb0}> (0x000000061bb04eb0) 
thrown [s\src\hotspot\share\prims\jni.cpp, line 516]
Event: 24.928 Thread 0x0000020a1f075bc0 Exception <a 'sun/nio/fs/WindowsException'{0x000000061bb0a728}> (0x000000061bb0a728) 
thrown [s\src\hotspot\share\prims\jni.cpp, line 516]
Event: 24.928 Thread 0x0000020a1f075bc0 Exception <a 'sun/nio/fs/WindowsException'{0x000000061bb0a9c8}> (0x000000061bb0a9c8) 
thrown [s\src\hotspot\share\prims\jni.cpp, line 516]
Event: 24.928 Thread 0x0000020a1f075bc0 Exception <a 'sun/nio/fs/WindowsException'{0x000000061bb0be08}> (0x000000061bb0be08) 
thrown [s\src\hotspot\share\prims\jni.cpp, line 516]
Event: 24.928 Thread 0x0000020a1f075bc0 Exception <a 'sun/nio/fs/WindowsException'{0x000000061bb0c130}> (0x000000061bb0c130) 
thrown [s\src\hotspot\share\prims\jni.cpp, line 516]
Event: 24.930 Thread 0x0000020a1f075bc0 Exception <a 'sun/nio/fs/WindowsException'{0x000000061bb12a58}> (0x000000061bb12a58) 
thrown [s\src\hotspot\share\prims\jni.cpp, line 516]
Event: 24.930 Thread 0x0000020a1f075bc0 Exception <a 'sun/nio/fs/WindowsException'{0x000000061bb12d40}> (0x000000061bb12d40) 
thrown [s\src\hotspot\share\prims\jni.cpp, line 516]

VM Operations (20 events):
Event: 23.074 Executing VM operation: G1CollectForAllocation
Event: 23.082 Executing VM operation: G1CollectForAllocation done
Event: 23.351 Executing VM operation: G1TryInitiateConcMark
Event: 23.363 Executing VM operation: G1TryInitiateConcMark done
Event: 23.383 Executing VM operation: G1PauseRemark
Event: 23.407 Executing VM operation: G1PauseRemark done
Event: 23.407 Executing VM operation: HandshakeAllThreads
Event: 23.422 Executing VM operation: HandshakeAllThreads done
Event: 23.422 Executing VM operation: G1PauseCleanup
Event: 23.439 Executing VM operation: G1PauseCleanup done
Event: 23.461 Executing VM operation: HandshakeAllThreads
Event: 23.461 Executing VM operation: HandshakeAllThreads done
Event: 24.474 Executing VM operation: Cleanup
Event: 24.475 Executing VM operation: Cleanup done
Event: 24.747 Executing VM operation: G1CollectForAllocation
Event: 24.759 Executing VM operation: G1CollectForAllocation done
Event: 24.811 Executing VM operation: G1CollectForAllocation
Event: 24.824 Executing VM operation: G1CollectForAllocation done
Event: 24.868 Executing VM operation: G1CollectForAllocation
Event: 24.880 Executing VM operation: G1CollectForAllocation done

Events (20 events):
Event: 23.473 Thread 0x0000020a4968c910 flushing nmethod 0x0000020a27c5e610
Event: 23.473 Thread 0x0000020a4968c910 flushing nmethod 0x0000020a27c5f610
Event: 23.473 Thread 0x0000020a4968c910 flushing nmethod 0x0000020a27c5f990
Event: 23.473 Thread 0x0000020a4968c910 flushing nmethod 0x0000020a27c93290
Event: 23.473 Thread 0x0000020a4968c910 flushing nmethod 0x0000020a27c98110
Event: 23.473 Thread 0x0000020a4968c910 flushing nmethod 0x0000020a27cb1810
Event: 23.473 Thread 0x0000020a4968c910 flushing nmethod 0x0000020a27ccca90
Event: 23.473 Thread 0x0000020a4968c910 flushing nmethod 0x0000020a27ccd010
Event: 23.473 Thread 0x0000020a4968c910 flushing nmethod 0x0000020a27ccdf90
Event: 23.473 Thread 0x0000020a4968c910 flushing nmethod 0x0000020a27ce8990
Event: 23.473 Thread 0x0000020a4968c910 flushing nmethod 0x0000020a27ce9d10
Event: 23.474 Thread 0x0000020a4968c910 flushing nmethod 0x0000020a27e8ac10
Event: 23.474 Thread 0x0000020a4968c910 flushing nmethod 0x0000020a27ea3690
Event: 23.474 Thread 0x0000020a4968c910 flushing nmethod 0x0000020a28030810
Event: 23.474 Thread 0x0000020a4968c910 flushing nmethod 0x0000020a28031310
Event: 23.475 Thread 0x0000020a4968c910 flushing nmethod 0x0000020a28309110
Event: 24.019 Thread 0x0000020a9611dbc0 Thread added: 0x0000020a9611dbc0
Event: 24.384 Thread 0x0000020a9611dbc0 Thread exited: 0x0000020a9611dbc0
Event: 24.810 Thread 0x0000020a96121b80 Thread added: 0x0000020a96121b80
Event: 24.810 Thread 0x0000020a9611e660 Thread added: 0x0000020a9611e660


Dynamic libraries:
0x00007ff6ddb60000 - 0x00007ff6ddb6e000 	C:\Users\AW-Java\.jdks\corretto-17.0.12\bin\java.exe
0x00007fff034a0000 - 0x00007fff03707000 	C:\WINDOWS\SYSTEM32\ntdll.dll
0x00007fff01f20000 - 0x00007fff01fe9000 	C:\WINDOWS\System32\KERNEL32.DLL
0x00007fff00a10000 - 0x00007fff00e01000 	C:\WINDOWS\System32\KERNELBASE.dll
0x00007fff00790000 - 0x00007fff008db000 	C:\WINDOWS\System32\ucrtbase.dll
0x00007ffef8950000 - 0x00007ffef896b000 	C:\Users\AW-Java\.jdks\corretto-17.0.12\bin\VCRUNTIME140.dll
0x00007ffefa470000 - 0x00007ffefa487000 	C:\Users\AW-Java\.jdks\corretto-17.0.12\bin\jli.dll
0x00007fff020a0000 - 0x00007fff02265000 	C:\WINDOWS\System32\USER32.dll
0x00007ffeffd80000 - 0x00007ffeffda7000 	C:\WINDOWS\System32\win32u.dll
0x00007ffecc9c0000 - 0x00007ffeccc53000 	C:\WINDOWS\WinSxS\amd64_microsoft.windows.common-controls_6595b64144ccf1df_6.0.26100.8037_none_3e092faae333b53b\COMCTL32.dll
0x00007fff02e40000 - 0x00007fff02e6b000 	C:\WINDOWS\System32\GDI32.dll
0x00007fff008e0000 - 0x00007fff00a0b000 	C:\WINDOWS\System32\gdi32full.dll
0x00007fff01ff0000 - 0x00007fff02099000 	C:\WINDOWS\System32\msvcrt.dll
0x00007fff00e10000 - 0x00007fff00eb3000 	C:\WINDOWS\System32\msvcp_win.dll
0x00007fff02e70000 - 0x00007fff02ea1000 	C:\WINDOWS\System32\IMM32.DLL
0x00007ffefcd40000 - 0x00007ffefcd4c000 	C:\Users\AW-Java\.jdks\corretto-17.0.12\bin\vcruntime140_1.dll
0x00007ffee0db0000 - 0x00007ffee0e3d000 	C:\Users\AW-Java\.jdks\corretto-17.0.12\bin\msvcp140.dll
0x00007ffe5e850000 - 0x00007ffe5f4ba000 	C:\Users\AW-Java\.jdks\corretto-17.0.12\bin\server\jvm.dll
0x00007fff01c30000 - 0x00007fff01ceb000 	C:\WINDOWS\System32\ADVAPI32.dll
0x00007fff01340000 - 0x00007fff013e7000 	C:\WINDOWS\System32\sechost.dll
0x00007fff02eb0000 - 0x00007fff02fc8000 	C:\WINDOWS\System32\RPCRT4.dll
0x00007fff03020000 - 0x00007fff03094000 	C:\WINDOWS\System32\WS2_32.dll
0x00007ffeffbe0000 - 0x00007ffeffc3e000 	C:\WINDOWS\SYSTEM32\POWRPROF.dll
0x00007ffef6a30000 - 0x00007ffef6a65000 	C:\WINDOWS\SYSTEM32\WINMM.dll
0x00007ffef67d0000 - 0x00007ffef67db000 	C:\WINDOWS\SYSTEM32\VERSION.dll
0x00007ffeffbc0000 - 0x00007ffeffbd4000 	C:\WINDOWS\SYSTEM32\UMPDC.dll
0x00007ffefead0000 - 0x00007ffefeaeb000 	C:\WINDOWS\SYSTEM32\kernel.appcore.dll
0x00007ffefc9c0000 - 0x00007ffefc9ca000 	C:\Users\AW-Java\.jdks\corretto-17.0.12\bin\jimage.dll
0x00007ffefd960000 - 0x00007ffefdba2000 	C:\WINDOWS\SYSTEM32\DBGHELP.DLL
0x00007fff018a0000 - 0x00007fff01c22000 	C:\WINDOWS\System32\combase.dll
0x00007fff02ac0000 - 0x00007fff02b97000 	C:\WINDOWS\System32\OLEAUT32.dll
0x00007ffeea5e0000 - 0x00007ffeea61b000 	C:\WINDOWS\SYSTEM32\dbgcore.DLL
0x00007fff006e0000 - 0x00007fff00785000 	C:\WINDOWS\System32\bcryptPrimitives.dll
0x00007ffef8720000 - 0x00007ffef8745000 	C:\Users\AW-Java\.jdks\corretto-17.0.12\bin\java.dll
0x00007ffee0cd0000 - 0x00007ffee0da7000 	C:\Users\AW-Java\.jdks\corretto-17.0.12\bin\jsvml.dll
0x00007fff02270000 - 0x00007fff029cf000 	C:\WINDOWS\System32\SHELL32.dll
0x00007fff010d0000 - 0x00007fff0123a000 	C:\WINDOWS\System32\wintypes.dll
0x00007ffeffdb0000 - 0x00007fff00614000 	C:\WINDOWS\System32\windows.storage.dll
0x00007fff03310000 - 0x00007fff03407000 	C:\WINDOWS\System32\SHCORE.dll
0x00007fff02c70000 - 0x00007fff02cd7000 	C:\WINDOWS\System32\shlwapi.dll
0x00007ffeffca0000 - 0x00007ffeffcc9000 	C:\WINDOWS\SYSTEM32\profapi.dll
0x00007ffeecd80000 - 0x00007ffeecd99000 	C:\Users\AW-Java\.jdks\corretto-17.0.12\bin\net.dll
0x00007ffefa7e0000 - 0x00007ffefa907000 	C:\WINDOWS\SYSTEM32\WINHTTP.dll
0x00007ffeff020000 - 0x00007ffeff08b000 	C:\WINDOWS\system32\mswsock.dll
0x00007ffeebdd0000 - 0x00007ffeebde6000 	C:\Users\AW-Java\.jdks\corretto-17.0.12\bin\nio.dll
0x00007ffef8920000 - 0x00007ffef8938000 	C:\Users\AW-Java\.jdks\corretto-17.0.12\bin\zip.dll
0x0000000069ac0000 - 0x0000000069ae4000 	C:\Users\AW-Java\AppData\Local\Temp\jansi-2.4.0-96e0832c3f21daef-jansi.dll
0x00007ffee54f0000 - 0x00007ffee5500000 	C:\Users\AW-Java\.jdks\corretto-17.0.12\bin\verify.dll

dbghelp: loaded successfully - version: 4.0.5 - missing functions: none
symbol engine: initialized successfully - sym options: 0x614 - pdb path: .;C:\Users\AW-Java\.jdks\corretto-17.0.12\bin;C:\WINDOWS\SYSTEM32;C:\WINDOWS\WinSxS\amd64_microsoft.windows.common-controls_6595b64144ccf1df_6.0.26100.8037_none_3e092faae333b53b;C:\Users\AW-Java\.jdks\corretto-17.0.12\bin\server;C:\Users\AW-Java\AppData\Local\Temp

VM Arguments:
jvm_args: -Dfile.encoding=IBM437 -Dmaven.multiModuleProjectDirectory=D:\mine\kim-online-course-api 
java_command: org.apache.maven.wrapper.MavenWrapperMain -Didea.version=2025.3.4 -Dmaven.ext.class.path=D:\JetBrain_ToolBox\IntelliJ IDEA\plugins\maven\lib\maven-event-listener.jar -Djansi.passthrough=true -Dstyle.color=always -Dmaven.repo.local=D:\.m2 clean compile package install -f pom.xml
java_class_path (initial): D:\mine\kim-online-course-api\.mvn\wrapper\maven-wrapper.jar
Launcher Type: SUN_STANDARD

[Global flags]
     intx CICompilerCount                          = 12                                        {product} {ergonomic}
     uint ConcGCThreads                            = 4                                         {product} {ergonomic}
     uint G1ConcRefinementThreads                  = 15                                        {product} {ergonomic}
   size_t G1HeapRegionSize                         = 4194304                                   {product} {ergonomic}
    uintx GCDrainStackTargetSize                   = 64                                        {product} {ergonomic}
   size_t InitialHeapSize                          = 532676608                                 {product} {ergonomic}
   size_t MarkStackSize                            = 4194304                                   {product} {ergonomic}
   size_t MaxHeapSize                              = 8510242816                                {product} {ergonomic}
   size_t MaxNewSize                               = 5104467968                                {product} {ergonomic}
   size_t MinHeapDeltaBytes                        = 4194304                                   {product} {ergonomic}
   size_t MinHeapSize                              = 8388608                                   {product} {ergonomic}
    uintx NonNMethodCodeHeapSize                   = 7602480                                {pd product} {ergonomic}
    uintx NonProfiledCodeHeapSize                  = 122027880                              {pd product} {ergonomic}
    uintx ProfiledCodeHeapSize                     = 122027880                              {pd product} {ergonomic}
    uintx ReservedCodeCacheSize                    = 251658240                              {pd product} {ergonomic}
     bool SegmentedCodeCache                       = true                                      {product} {ergonomic}
   size_t SoftMaxHeapSize                          = 8510242816                             {manageable} {ergonomic}
     bool UseCompressedClassPointers               = true                           {product lp64_product} {ergonomic}
     bool UseCompressedOops                        = true                           {product lp64_product} {ergonomic}
     bool UseG1GC                                  = true                                      {product} {ergonomic}
     bool UseLargePagesIndividualAllocation        = false                                  {pd product} {ergonomic}

Logging:
Log output configuration:
 #0: stdout all=warning uptime,level,tags
 #1: stderr all=off uptime,level,tags

Environment Variables:
JAVA_HOME=C:\Users\AW-Java\.jdks\corretto-17.0.12
JAVA_TOOL_OPTIONS=-Dfile.encoding=IBM437
PATH=C:\Python310\Scripts\;C:\Python310\;C:\Program Files\Common Files\Oracle\Java\javapath;C:\WINDOWS\system32;C:\WINDOWS;C:\WINDOWS\System32\Wbem;C:\WINDOWS\System32\WindowsPowerShell\v1.0\;C:\WINDOWS\System32\OpenSSH\;C:\Program Files\Java\jdk-11.0.10\bin;C:\apache-maven-3.8.2\bin;C:\ProgramData\chocolatey\bin;C:\Users\AW - Dev\AppData\Local\Programs\Python\Python39\Scripts\pip3.9.exe;C:\Program Files (x86)\dotnet\;C:\Users\AW-Java\AppData\Roaming\nvm;C:\Program Files\nodejs;D:\sonar-scanner-5.0.1.3006-windows\bin;C:\Program Files\Git\cmd;C:\Users\AW-Java\Downloads\flutter_windows_3.24.1-stable\flutter\bin;;C:\Program Files\Docker\Docker\resources\bin;C:\Users\AW-Java\AppData\Local\Android\Sdk\tools;C:\Users\AW-Java\AppData\Local\Microsoft\WindowsApps;C:\Users\AW-Java\AppData\Local\Programs\Microsoft VS Code\bin;C:\Users\AW-Java\AppData\Roaming\nvm;C:\Program Files\nodejs;C:\Users\AW-Java\AppData\Local\Android\Sdk\platform-tools;C:\Users\AW-Java\AppData\Local\JetBrains\Toolbox\scripts;D:\;C:\Program Files\MySQL\MySQL Server 8.3\bin;C:\Users\AW-Java\AppData\Roaming\Programs\Zero Install;C:\Users\AW-Java\AppData\Local\Microsoft\WindowsApps;D:\cursor\resources\app\bin;C:\Users\AW-Java\AppData\Roaming\nvm\v20.19.2;C:\Users\AW-Java\AppData\Local\Programs\Antigravity\bin
USERNAME=meassi
OS=Windows_NT
PROCESSOR_IDENTIFIER=Intel64 Family 6 Model 151 Stepping 2, GenuineIntel
TMP=C:\Users\AW-Java\AppData\Local\Temp
TEMP=C:\Users\AW-Java\AppData\Local\Temp



Periodic native trim disabled


---------------  S Y S T E M  ---------------

OS:
 Windows 11 , 64 bit Build 26100 (10.0.26100.7920)
OS uptime: 0 days 8:45 hours
Hyper-V role detected

CPU: total 20 (initial active 20) (10 cores per cpu, 2 threads per core) family 6 model 151 stepping 2 microcode 0x37, cx8, cmov, fxsr, ht, mmx, 3dnowpref, sse, sse2, sse3, ssse3, sse4.1, sse4.2, popcnt, lzcnt, tsc, tscinvbit, avx, avx2, aes, erms, clmul, bmi1, bmi2, adx, sha, fma, vzeroupper, clflush, clflushopt, clwb, hv
Processor Information for all 20 processors :
  Max Mhz: 2100, Current Mhz: 2100, Mhz Limit: 2100

Memory: 4k page, system-wide physical 32456M (6951M free)
TotalPageFile size 39008M (AvailPageFile size 245M)
current process WorkingSet (physical memory assigned to process): 432M, peak: 470M
current process commit charge ("private bytes"): 479M, peak: 717M

vm_info: OpenJDK 64-Bit Server VM (17.0.12+7-LTS) for windows-amd64 JRE (17.0.12+7-LTS), built on Jul 10 2024 20:46:33 by "Administrator" with MS VC++ 16.10 / 16.11 (VS2019)

END.
